// Jest Snapshot v1, https://goo.gl/fbAQLP

exports[`getExtraEntryFields returns expected extra fields when feedEntry has all required properties 1`] = `
{
  "category": "Technology",
  "enclosure": {
    "length": 1024,
    "type": "audio/mpeg",
    "url": "https://example.com/audio.mp3",
  },
  "itunes:duration": "00:30:00",
  "itunes:episode": 1,
  "itunes:episodeType": "full",
  "itunes:explicit": false,
  "itunes:keywords": "keyword1,keyword2",
  "itunes:subtitle": "Episode subtitle",
  "pubDate": "2023-07-19",
}
`;

exports[`getExtraEntryFields returns expected extra fields when feedEntry has incomplete properties 1`] = `{}`;

exports[`getExtraEntryFields returns expected extra fields when feedEntry has missing properties 1`] = `
{
  "category": {},
  "enclosure": {},
}
`;

exports[`getExtraEntryFields returns expected extra fields when feedEntry has undefined properties 1`] = `{}`;
